[2026-07-05T13:56:24.617+0000][0.044s] CardTable entry size: 512
[2026-07-05T13:56:24.617+0000][0.045s] Using G1
[2026-07-05T13:56:24.660+0000][0.088s] Version: 25.0.2+10-LTS (release)
[2026-07-05T13:56:24.661+0000][0.089s] CPUs: 24 total, 24 available
[2026-07-05T13:56:24.661+0000][0.089s] Memory: 15541M
[2026-07-05T13:56:24.661+0000][0.089s] Large Page Support: Disabled
[2026-07-05T13:56:24.662+0000][0.089s] NUMA Support: Disabled
[2026-07-05T13:56:24.662+0000][0.090s] Compressed Oops: Enabled (32-bit)
[2026-07-05T13:56:24.662+0000][0.090s] Heap Region Size: 1M
[2026-07-05T13:56:24.663+0000][0.090s] Heap Min Capacity: 512M
[2026-07-05T13:56:24.663+0000][0.091s] Heap Initial Capacity: 512M
[2026-07-05T13:56:24.663+0000][0.091s] Heap Max Capacity: 512M
[2026-07-05T13:56:24.664+0000][0.091s] Pre-touch: Enabled
[2026-07-05T13:56:24.664+0000][0.092s] Parallel Workers: 18
[2026-07-05T13:56:24.664+0000][0.092s] Concurrent Workers: 5
[2026-07-05T13:56:24.665+0000][0.092s] Concurrent Refinement Workers: 18
[2026-07-05T13:56:24.665+0000][0.092s] Periodic GC: Disabled
[2026-07-05T13:56:24.676+0000][0.104s] CDS archive(s) mapped at: [0x0000000062000000-0x0000000062c8c000-0x0000000062c8c000), size 13156352, SharedBaseAddress: 0x0000000062000000, ArchiveRelocationMode: 1.
[2026-07-05T13:56:24.676+0000][0.104s] Compressed class space mapped at: 0x0000000063000000-0x00000000a3000000, reserved size: 1073741824
[2026-07-05T13:56:24.677+0000][0.104s] UseCompressedClassPointers 1, UseCompactObjectHeaders 0
[2026-07-05T13:56:24.677+0000][0.105s] Narrow klass pointer bits 32, Max shift 3
[2026-07-05T13:56:24.677+0000][0.105s] Narrow klass base: 0x0000000062000000, Narrow klass shift: 0
[2026-07-05T13:56:24.678+0000][0.105s] Encoding Range: [0x0000000062000000 - 0x0000000162000000), (4294967296 bytes)
[2026-07-05T13:56:24.678+0000][0.106s] Klass Range:    [0x0000000062001000 - 0x00000000a3000000), (1090514944 bytes)
[2026-07-05T13:56:24.678+0000][0.106s] Klass ID Range:  [4096 - 1090519033) (1090514937)
[2026-07-05T13:56:24.678+0000][0.106s] Protection zone: [0x0000000062000000 - 0x0000000062001000), (4096 bytes)
[2026-07-05T13:56:25.323+0000][0.750s] GC(0) Pause Young (Normal) (G1 Evacuation Pause)
[2026-07-05T13:56:25.323+0000][0.751s] GC(0) Using 12 workers of 18 for evacuation
[2026-07-05T13:56:25.327+0000][0.755s] GC(0)   Pre Evacuate Collection Set: 0.27ms
[2026-07-05T13:56:25.327+0000][0.755s] GC(0)   Merge Heap Roots: 0.16ms
[2026-07-05T13:56:25.328+0000][0.755s] GC(0)   Evacuate Collection Set: 2.38ms
[2026-07-05T13:56:25.328+0000][0.756s] GC(0)   Post Evacuate Collection Set: 0.72ms
[2026-07-05T13:56:25.328+0000][0.756s] GC(0)   Other: 0.39ms
[2026-07-05T13:56:25.329+0000][0.756s] GC(0) Eden regions: 60->0(213)
[2026-07-05T13:56:25.329+0000][0.757s] GC(0) Survivor regions: 0->8(8)
[2026-07-05T13:56:25.329+0000][0.757s] GC(0) Old regions: 2->8
[2026-07-05T13:56:25.329+0000][0.757s] GC(0) Humongous regions: 4->4
[2026-07-05T13:56:25.330+0000][0.757s] GC(0) Metaspace: 15714K(16064K)->15714K(16064K) NonClass: 13793K(13952K)->13793K(13952K) Class: 1920K(2112K)->1920K(2112K)
[2026-07-05T13:56:25.330+0000][0.758s] GC(0) Pause Young (Normal) (G1 Evacuation Pause) 65M->18M(512M) 7.268ms
[2026-07-05T13:56:25.330+0000][0.758s] GC(0) User=0.02s Sys=0.01s Real=0.00s
[2026-07-05T13:56:25.640+0000][1.068s] GC(1) Pause Young (Concurrent Start) (Metadata GC Threshold)
[2026-07-05T13:56:25.641+0000][1.068s] GC(1) Using 18 workers of 18 for evacuation
[2026-07-05T13:56:25.646+0000][1.073s] GC(1)   Pre Evacuate Collection Set: 0.43ms
[2026-07-05T13:56:25.646+0000][1.074s] GC(1)   Merge Heap Roots: 0.30ms
[2026-07-05T13:56:25.646+0000][1.074s] GC(1)   Evacuate Collection Set: 1.92ms
[2026-07-05T13:56:25.647+0000][1.074s] GC(1)   Post Evacuate Collection Set: 1.91ms
[2026-07-05T13:56:25.647+0000][1.075s] GC(1)   Other: 0.44ms
[2026-07-05T13:56:25.647+0000][1.075s] GC(1) Eden regions: 46->0(260)
[2026-07-05T13:56:25.648+0000][1.075s] GC(1) Survivor regions: 8->20(28)
[2026-07-05T13:56:25.648+0000][1.076s] GC(1) Old regions: 8->8
[2026-07-05T13:56:25.648+0000][1.076s] GC(1) Humongous regions: 4->4
[2026-07-05T13:56:25.649+0000][1.076s] GC(1) Metaspace: 21092K(21504K)->21092K(21504K) NonClass: 18548K(18752K)->18548K(18752K) Class: 2544K(2752K)->2544K(2752K)
[2026-07-05T13:56:25.649+0000][1.077s] GC(1) Pause Young (Concurrent Start) (Metadata GC Threshold) 64M->30M(512M) 8.938ms
[2026-07-05T13:56:25.649+0000][1.077s] GC(1) User=0.03s Sys=0.01s Real=0.00s
[2026-07-05T13:56:25.649+0000][1.077s] GC(2) Concurrent Mark Cycle
[2026-07-05T13:56:25.650+0000][1.078s] GC(2) Concurrent Scan Root Regions
[2026-07-05T13:56:25.652+0000][1.079s] GC(2) Concurrent Scan Root Regions 1.884ms
[2026-07-05T13:56:25.652+0000][1.080s] GC(2) Concurrent Mark
[2026-07-05T13:56:25.652+0000][1.080s] GC(2) Concurrent Mark From Roots
[2026-07-05T13:56:25.653+0000][1.080s] GC(2) Using 5 workers of 5 for marking
[2026-07-05T13:56:25.655+0000][1.083s] GC(2) Concurrent Mark From Roots 2.452ms
[2026-07-05T13:56:25.655+0000][1.083s] GC(2) Concurrent Preclean
[2026-07-05T13:56:25.656+0000][1.083s] GC(2) Concurrent Preclean 0.330ms
[2026-07-05T13:56:25.656+0000][1.084s] GC(2) Pause Remark
[2026-07-05T13:56:25.659+0000][1.087s] GC(2) Pause Remark 30M->30M(512M) 2.755ms
[2026-07-05T13:56:25.659+0000][1.087s] GC(2) User=0.01s Sys=0.01s Real=0.00s
[2026-07-05T13:56:25.660+0000][1.087s] GC(2) Concurrent Mark 7.524ms
[2026-07-05T13:56:25.660+0000][1.088s] GC(2) Concurrent Rebuild Remembered Sets and Scrub Regions
[2026-07-05T13:56:25.661+0000][1.089s] GC(2) Concurrent Rebuild Remembered Sets and Scrub Regions 1.131ms
[2026-07-05T13:56:25.662+0000][1.089s] GC(2) Pause Cleanup
[2026-07-05T13:56:25.662+0000][1.090s] GC(2) Pause Cleanup 30M->30M(512M) 0.363ms
[2026-07-05T13:56:25.662+0000][1.090s] GC(2) User=0.00s Sys=0.00s Real=0.00s
[2026-07-05T13:56:25.663+0000][1.090s] GC(2) Concurrent Clear Claimed Marks
[2026-07-05T13:56:25.663+0000][1.091s] GC(2) Concurrent Clear Claimed Marks 0.338ms
[2026-07-05T13:56:25.663+0000][1.091s] GC(2) Concurrent Cleanup for Next Mark
[2026-07-05T13:56:25.664+0000][1.092s] GC(2) Concurrent Cleanup for Next Mark 0.792ms
[2026-07-05T13:56:25.664+0000][1.092s] GC(2) Concurrent Mark Cycle 15.287ms
[2026-07-05T13:56:26.256+0000][1.684s] GC(3) Pause Young (Prepare Mixed) (Metadata GC Threshold)
[2026-07-05T13:56:26.257+0000][1.685s] GC(3) Using 18 workers of 18 for evacuation
[2026-07-05T13:56:26.262+0000][1.690s] GC(3)   Pre Evacuate Collection Set: 0.36ms
[2026-07-05T13:56:26.262+0000][1.690s] GC(3)   Merge Heap Roots: 0.28ms
[2026-07-05T13:56:26.263+0000][1.690s] GC(3)   Evacuate Collection Set: 2.84ms
[2026-07-05T13:56:26.263+0000][1.691s] GC(3)   Post Evacuate Collection Set: 1.12ms
[2026-07-05T13:56:26.263+0000][1.691s] GC(3)   Other: 0.43ms
[2026-07-05T13:56:26.264+0000][1.691s] GC(3) Eden regions: 92->0(296)
[2026-07-05T13:56:26.264+0000][1.692s] GC(3) Survivor regions: 20->11(35)
[2026-07-05T13:56:26.264+0000][1.692s] GC(3) Old regions: 8->16
[2026-07-05T13:56:26.264+0000][1.692s] GC(3) Humongous regions: 4->4
[2026-07-05T13:56:26.265+0000][1.692s] GC(3) Metaspace: 36592K(37056K)->36592K(37056K) NonClass: 32147K(32384K)->32147K(32384K) Class: 4445K(4672K)->4445K(4672K)
[2026-07-05T13:56:26.265+0000][1.693s] GC(3) Pause Young (Prepare Mixed) (Metadata GC Threshold) 121M->29M(512M) 8.613ms
[2026-07-05T13:56:26.265+0000][1.693s] GC(3) User=0.05s Sys=0.00s Real=0.01s
[2026-07-05T13:56:26.274+0000][1.702s] GC(4) Pause Young (Mixed) (Metadata GC Threshold)
[2026-07-05T13:56:26.275+0000][1.703s] GC(4) Using 18 workers of 18 for evacuation
[2026-07-05T13:56:26.279+0000][1.706s] GC(4)   Pre Evacuate Collection Set: 0.39ms
[2026-07-05T13:56:26.279+0000][1.707s] GC(4)   Merge Heap Roots: 0.28ms
[2026-07-05T13:56:26.279+0000][1.707s] GC(4)   Evacuate Collection Set: 1.73ms
[2026-07-05T13:56:26.280+0000][1.708s] GC(4)   Post Evacuate Collection Set: 1.02ms
[2026-07-05T13:56:26.280+0000][1.708s] GC(4)   Other: 0.51ms
[2026-07-05T13:56:26.280+0000][1.708s] GC(4) Eden regions: 2->0(296)
[2026-07-05T13:56:26.281+0000][1.708s] GC(4) Survivor regions: 11->11(39)
[2026-07-05T13:56:26.281+0000][1.709s] GC(4) Old regions: 16->16
[2026-07-05T13:56:26.281+0000][1.709s] GC(4) Humongous regions: 4->4
[2026-07-05T13:56:26.282+0000][1.709s] GC(4) Metaspace: 36984K(37376K)->36984K(37376K) NonClass: 32489K(32704K)->32489K(32704K) Class: 4495K(4672K)->4495K(4672K)
[2026-07-05T13:56:26.282+0000][1.710s] GC(4) Pause Young (Mixed) (Metadata GC Threshold) 31M->29M(512M) 7.850ms
[2026-07-05T13:56:26.282+0000][1.710s] GC(4) User=0.05s Sys=0.00s Real=0.01s
[2026-07-05T13:56:26.293+0000][1.720s] GC(5) Pause Young (Concurrent Start) (Metadata GC Threshold)
[2026-07-05T13:56:26.293+0000][1.721s] GC(5) Using 18 workers of 18 for evacuation
[2026-07-05T13:56:26.297+0000][1.725s] GC(5)   Pre Evacuate Collection Set: 0.41ms
[2026-07-05T13:56:26.297+0000][1.725s] GC(5)   Merge Heap Roots: 0.23ms
[2026-07-05T13:56:26.298+0000][1.725s] GC(5)   Evacuate Collection Set: 2.01ms
[2026-07-05T13:56:26.298+0000][1.726s] GC(5)   Post Evacuate Collection Set: 0.83ms
[2026-07-05T13:56:26.298+0000][1.726s] GC(5)   Other: 0.39ms
[2026-07-05T13:56:26.298+0000][1.726s] GC(5) Eden regions: 2->0(296)
[2026-07-05T13:56:26.299+0000][1.726s] GC(5) Survivor regions: 11->11(39)
[2026-07-05T13:56:26.299+0000][1.727s] GC(5) Old regions: 16->16
[2026-07-05T13:56:26.299+0000][1.727s] GC(5) Humongous regions: 4->4
[2026-07-05T13:56:26.300+0000][1.727s] GC(5) Metaspace: 37253K(37696K)->37253K(37696K) NonClass: 32723K(32960K)->32723K(32960K) Class: 4529K(4736K)->4529K(4736K)
[2026-07-05T13:56:26.300+0000][1.728s] GC(5) Pause Young (Concurrent Start) (Metadata GC Threshold) 31M->29M(512M) 7.420ms
[2026-07-05T13:56:26.300+0000][1.728s] GC(5) User=0.03s Sys=0.01s Real=0.01s
[2026-07-05T13:56:26.300+0000][1.728s] GC(6) Concurrent Mark Cycle
[2026-07-05T13:56:26.301+0000][1.729s] GC(6) Concurrent Scan Root Regions
[2026-07-05T13:56:26.302+0000][1.730s] GC(6) Concurrent Scan Root Regions 1.184ms
[2026-07-05T13:56:26.303+0000][1.730s] GC(6) Concurrent Mark
[2026-07-05T13:56:26.303+0000][1.731s] GC(6) Concurrent Mark From Roots
[2026-07-05T13:56:26.303+0000][1.731s] GC(6) Using 5 workers of 5 for marking
[2026-07-05T13:56:26.307+0000][1.735s] GC(6) Concurrent Mark From Roots 4.194ms
[2026-07-05T13:56:26.308+0000][1.735s] GC(6) Concurrent Preclean
[2026-07-05T13:56:26.308+0000][1.736s] GC(6) Concurrent Preclean 0.446ms
[2026-07-05T13:56:26.309+0000][1.736s] GC(6) Pause Remark
[2026-07-05T13:56:26.312+0000][1.739s] GC(6) Pause Remark 31M->31M(512M) 2.933ms
[2026-07-05T13:56:26.312+0000][1.740s] GC(6) User=0.02s Sys=0.01s Real=0.01s
[2026-07-05T13:56:26.313+0000][1.740s] GC(6) Concurrent Mark 9.947ms
[2026-07-05T13:56:26.313+0000][1.741s] GC(6) Concurrent Rebuild Remembered Sets and Scrub Regions
[2026-07-05T13:56:26.314+0000][1.742s] GC(6) Concurrent Rebuild Remembered Sets and Scrub Regions 1.504ms
[2026-07-05T13:56:26.315+0000][1.742s] GC(6) Pause Cleanup
[2026-07-05T13:56:26.315+0000][1.743s] GC(6) Pause Cleanup 31M->31M(512M) 0.372ms
[2026-07-05T13:56:26.315+0000][1.743s] GC(6) User=0.00s Sys=0.00s Real=0.00s
[2026-07-05T13:56:26.316+0000][1.744s] GC(6) Concurrent Clear Claimed Marks
[2026-07-05T13:56:26.316+0000][1.744s] GC(6) Concurrent Clear Claimed Marks 0.449ms
[2026-07-05T13:56:26.317+0000][1.744s] GC(6) Concurrent Cleanup for Next Mark
[2026-07-05T13:56:26.317+0000][1.745s] GC(6) Concurrent Cleanup for Next Mark 0.631ms
[2026-07-05T13:56:26.318+0000][1.745s] GC(6) Concurrent Mark Cycle 17.465ms
[2026-07-05T14:37:40.340+0000][2475.901s] GC(7) Pause Young (Prepare Mixed) (Metadata GC Threshold)
[2026-07-05T14:37:40.341+0000][2475.902s] GC(7) Using 18 workers of 18 for evacuation
[2026-07-05T14:37:40.395+0000][2475.956s] GC(7)   Pre Evacuate Collection Set: 1.20ms
[2026-07-05T14:37:40.395+0000][2475.957s] GC(7)   Merge Heap Roots: 1.03ms
[2026-07-05T14:37:40.396+0000][2475.957s] GC(7)   Evacuate Collection Set: 47.89ms
[2026-07-05T14:37:40.396+0000][2475.957s] GC(7)   Post Evacuate Collection Set: 2.65ms
[2026-07-05T14:37:40.396+0000][2475.958s] GC(7)   Other: 1.44ms
[2026-07-05T14:37:40.397+0000][2475.958s] GC(7) Eden regions: 222->0(274)
[2026-07-05T14:37:40.397+0000][2475.958s] GC(7) Survivor regions: 11->33(39)
[2026-07-05T14:37:40.397+0000][2475.959s] GC(7) Old regions: 16->16
[2026-07-05T14:37:40.398+0000][2475.959s] GC(7) Humongous regions: 4->4
[2026-07-05T14:37:40.398+0000][2475.959s] GC(7) Metaspace: 62650K(63296K)->62650K(63296K) NonClass: 54872K(55232K)->54872K(55232K) Class: 7777K(8064K)->7777K(8064K)
[2026-07-05T14:37:40.398+0000][2475.960s] GC(7) Pause Young (Prepare Mixed) (Metadata GC Threshold) 251M->51M(512M) 58.841ms
[2026-07-05T14:37:40.399+0000][2475.960s] GC(7) User=0.84s Sys=0.00s Real=0.06s
[2026-07-05T15:17:05.199+0000][4840.882s] GC(8) Pause Young (Mixed) (Metadata GC Threshold)
[2026-07-05T15:17:05.200+0000][4840.884s] GC(8) Using 18 workers of 18 for evacuation
[2026-07-05T15:17:05.238+0000][4840.921s] GC(8)   Pre Evacuate Collection Set: 0.98ms
[2026-07-05T15:17:05.238+0000][4840.921s] GC(8)   Merge Heap Roots: 0.59ms
[2026-07-05T15:17:05.238+0000][4840.922s] GC(8)   Evacuate Collection Set: 33.09ms
[2026-07-05T15:17:05.239+0000][4840.922s] GC(8)   Post Evacuate Collection Set: 1.89ms
[2026-07-05T15:17:05.239+0000][4840.922s] GC(8)   Other: 1.17ms
[2026-07-05T15:17:05.239+0000][4840.923s] GC(8) Eden regions: 39->0(287)
[2026-07-05T15:17:05.240+0000][4840.923s] GC(8) Survivor regions: 33->4(39)
[2026-07-05T15:17:05.240+0000][4840.923s] GC(8) Old regions: 16->47
[2026-07-05T15:17:05.240+0000][4840.924s] GC(8) Humongous regions: 4->4
[2026-07-05T15:17:05.241+0000][4840.924s] GC(8) Metaspace: 62993K(63616K)->62993K(63616K) NonClass: 55215K(55552K)->55215K(55552K) Class: 7778K(8064K)->7778K(8064K)
[2026-07-05T15:17:05.241+0000][4840.924s] GC(8) Pause Young (Mixed) (Metadata GC Threshold) 90M->54M(512M) 42.136ms
[2026-07-05T15:17:05.241+0000][4840.925s] GC(8) User=0.55s Sys=0.00s Real=0.04s
[2026-07-05T15:53:14.072+0000][7009.880s] GC(9) Pause Young (Concurrent Start) (Metadata GC Threshold)
[2026-07-05T15:53:14.073+0000][7009.882s] GC(9) Using 18 workers of 18 for evacuation
[2026-07-05T15:53:14.086+0000][7009.894s] GC(9)   Pre Evacuate Collection Set: 3.27ms
[2026-07-05T15:53:14.086+0000][7009.895s] GC(9)   Merge Heap Roots: 0.34ms
[2026-07-05T15:53:14.087+0000][7009.895s] GC(9)   Evacuate Collection Set: 6.68ms
[2026-07-05T15:53:14.087+0000][7009.895s] GC(9)   Post Evacuate Collection Set: 1.56ms
[2026-07-05T15:53:14.087+0000][7009.896s] GC(9)   Other: 1.11ms
[2026-07-05T15:53:14.088+0000][7009.896s] GC(9) Eden regions: 39->0(305)
[2026-07-05T15:53:14.088+0000][7009.896s] GC(9) Survivor regions: 4->2(37)
[2026-07-05T15:53:14.088+0000][7009.897s] GC(9) Old regions: 47->47
[2026-07-05T15:53:14.088+0000][7009.897s] GC(9) Humongous regions: 4->4
[2026-07-05T15:53:14.089+0000][7009.897s] GC(9) Metaspace: 63290K(63936K)->63290K(63936K) NonClass: 55474K(55872K)->55474K(55872K) Class: 7815K(8064K)->7815K(8064K)
[2026-07-05T15:53:14.089+0000][7009.898s] GC(9) Pause Young (Concurrent Start) (Metadata GC Threshold) 92M->51M(512M) 17.340ms
[2026-07-05T15:53:14.090+0000][7009.898s] GC(9) User=0.05s Sys=0.00s Real=0.01s
[2026-07-05T15:53:14.090+0000][7009.898s] GC(10) Concurrent Mark Cycle
[2026-07-05T15:53:14.090+0000][7009.899s] GC(10) Concurrent Scan Root Regions
[2026-07-05T15:53:14.100+0000][7009.908s] GC(10) Concurrent Scan Root Regions 9.509ms
[2026-07-05T15:53:14.100+0000][7009.909s] GC(10) Concurrent Mark
[2026-07-05T15:53:14.101+0000][7009.909s] GC(10) Concurrent Mark From Roots
[2026-07-05T15:53:14.101+0000][7009.909s] GC(10) Using 5 workers of 5 for marking
[2026-07-05T15:53:14.135+0000][7009.944s] GC(10) Concurrent Mark From Roots 34.490ms
[2026-07-05T15:53:14.136+0000][7009.944s] GC(10) Concurrent Preclean
[2026-07-05T15:53:14.137+0000][7009.945s] GC(10) Concurrent Preclean 1.176ms
[2026-07-05T15:53:14.137+0000][7009.946s] GC(10) Pause Remark
[2026-07-05T15:53:14.179+0000][7009.988s] GC(10) Pause Remark 55M->55M(512M) 41.733ms
[2026-07-05T15:53:14.180+0000][7009.988s] GC(10) User=0.53s Sys=0.00s Real=0.05s
[2026-07-05T15:53:14.180+0000][7009.989s] GC(10) Concurrent Mark 79.831ms
[2026-07-05T15:53:14.187+0000][7009.996s] GC(10) Concurrent Rebuild Remembered Sets and Scrub Regions
[2026-07-05T15:53:14.194+0000][7010.002s] GC(10) Concurrent Rebuild Remembered Sets and Scrub Regions 6.601ms
[2026-07-05T15:53:14.194+0000][7010.003s] GC(10) Pause Cleanup
[2026-07-05T15:53:14.195+0000][7010.003s] GC(10) Pause Cleanup 55M->55M(512M) 0.573ms
[2026-07-05T15:53:14.195+0000][7010.004s] GC(10) User=0.00s Sys=0.00s Real=0.00s
[2026-07-05T15:53:14.196+0000][7010.004s] GC(10) Concurrent Clear Claimed Marks
[2026-07-05T15:53:14.198+0000][7010.006s] GC(10) Concurrent Clear Claimed Marks 2.182ms
[2026-07-05T15:53:14.199+0000][7010.007s] GC(10) Concurrent Cleanup for Next Mark
[2026-07-05T15:53:14.200+0000][7010.008s] GC(10) Concurrent Cleanup for Next Mark 0.721ms
[2026-07-05T15:53:14.200+0000][7010.009s] GC(10) Concurrent Mark Abort
[2026-07-05T15:53:14.200+0000][7010.009s] GC(10) Concurrent Mark Cycle 110.846ms
[2026-07-05T15:53:14.201+0000][7010.009s] Heap
[2026-07-05T15:53:14.201+0000][7010.010s]  garbage-first heap   total reserved 524288K, committed 524288K, used 61760K [0x00000000e0000000, 0x0000000100000000)
[2026-07-05T15:53:14.201+0000][7010.010s]   region size 1024K, 11 young (11264K), 2 survivors (2048K)
[2026-07-05T15:53:14.202+0000][7010.010s]  Metaspace       used 63248K, committed 64064K, reserved 1114112K
[2026-07-05T15:53:14.202+0000][7010.011s]   class space    used 7785K, committed 8128K, reserved 1048576K
